// Jest Snapshot v1, https://goo.gl/fbAQLP

exports[`AddPartyRelationshipForm renders properly 1`] = `ShallowWrapper {}`;
