// Jest Snapshot v1, https://goo.gl/fbAQLP

exports[`AddPermitForm renders properly 1`] = `ShallowWrapper {}`;
