// Jest Snapshot v1, https://goo.gl/fbAQLP

exports[`AdvancedMineSearchForm renders properly 1`] = `ShallowWrapper {}`;
