// Jest Snapshot v1, https://goo.gl/fbAQLP

exports[`MineRecordForm renders properly 1`] = `ShallowWrapper {}`;
