// Jest Snapshot v1, https://goo.gl/fbAQLP

exports[`FilePicker renders properly 1`] = `ShallowWrapper {}`;
