// Jest Snapshot v1, https://goo.gl/fbAQLP

exports[`NullScreen renders properly 1`] = `ShallowWrapper {}`;
