// Jest Snapshot v1, https://goo.gl/fbAQLP

exports[`PartySelectField renders properly 1`] = `ShallowWrapper {}`;
