// Jest Snapshot v1, https://goo.gl/fbAQLP

exports[`RenderCheckbox renders properly 1`] = `ShallowWrapper {}`;
