// Jest Snapshot v1, https://goo.gl/fbAQLP

exports[`RenderMultiSelect renders properly 1`] = `ShallowWrapper {}`;
