// Jest Snapshot v1, https://goo.gl/fbAQLP

exports[`RenderField renders properly 1`] = `ShallowWrapper {}`;
