// Jest Snapshot v1, https://goo.gl/fbAQLP

exports[`RenderAutoSizeField renders properly 1`] = `ShallowWrapper {}`;
