// Jest Snapshot v1, https://goo.gl/fbAQLP

exports[`RenderDate renders properly 1`] = `ShallowWrapper {}`;
