// Jest Snapshot v1, https://goo.gl/fbAQLP

exports[`RenderLargeSelect renders properly 1`] = `ShallowWrapper {}`;
