// Jest Snapshot v1, https://goo.gl/fbAQLP

exports[`ResponsivePagination renders properly 1`] = `ShallowWrapper {}`;
