// Jest Snapshot v1, https://goo.gl/fbAQLP

exports[`CustomHomePage renders properly 1`] = `ShallowWrapper {}`;
