// Jest Snapshot v1, https://goo.gl/fbAQLP

exports[`SubscriptionTable renders properly 1`] = `ShallowWrapper {}`;
