// Jest Snapshot v1, https://goo.gl/fbAQLP

exports[`MinePermitInfo renders properly 1`] = `ShallowWrapper {}`;
