// Jest Snapshot v1, https://goo.gl/fbAQLP

exports[`MinePermitTable renders properly 1`] = `ShallowWrapper {}`;
