// Jest Snapshot v1, https://goo.gl/fbAQLP

exports[`MineSearch renders properly 1`] = `ShallowWrapper {}`;
