// Jest Snapshot v1, https://goo.gl/fbAQLP

exports[`MineSummary renders properly 1`] = `ShallowWrapper {}`;
