// Jest Snapshot v1, https://goo.gl/fbAQLP

exports[`MineVarianceTable renders properly 1`] = `ShallowWrapper {}`;
