// Jest Snapshot v1, https://goo.gl/fbAQLP

exports[`DashboardRoutes  renders properly 1`] = `ShallowWrapper {}`;
