// Jest Snapshot v1, https://goo.gl/fbAQLP

exports[`Routes  renders properly 1`] = `ShallowWrapper {}`;
