// Jest Snapshot v1, https://goo.gl/fbAQLP

exports[`AdminDashboard renders properly 1`] = `ShallowWrapper {}`;
