// Jest Snapshot v1, https://goo.gl/fbAQLP

exports[`MinespaceUserManagement renders properly 1`] = `ShallowWrapper {}`;
