// Jest Snapshot v1, https://goo.gl/fbAQLP

exports[`NewMinespaceUser renders properly 1`] = `ShallowWrapper {}`;
