// Jest Snapshot v1, https://goo.gl/fbAQLP

exports[`MineHeader renders dispatchProperly 1`] = `ShallowWrapper {}`;
