// Jest Snapshot v1, https://goo.gl/fbAQLP

exports[`AddIncidentModal renders properly 1`] = `ShallowWrapper {}`;
