// Jest Snapshot v1, https://goo.gl/fbAQLP

exports[`AddTenureModal renders properly 1`] = `ShallowWrapper {}`;
