// Jest Snapshot v1, https://goo.gl/fbAQLP

exports[`AddVarianceModal renders properly 1`] = `ShallowWrapper {}`;
