// Jest Snapshot v1, https://goo.gl/fbAQLP

exports[`MineRecordModal renders properly 1`] = `ShallowWrapper {}`;
