// Jest Snapshot v1, https://goo.gl/fbAQLP

exports[`EditPartyRelationshipModal renders properly 1`] = `ShallowWrapper {}`;
