// Jest Snapshot v1, https://goo.gl/fbAQLP

exports[`MineTailingsInfo renders properly 1`] = `ShallowWrapper {}`;
