// Jest Snapshot v1, https://goo.gl/fbAQLP

exports[`EditFullPartyForm renders properly 1`] = `ShallowWrapper {}`;
