// Jest Snapshot v1, https://goo.gl/fbAQLP

exports[`AuthorizationGuard should render the \`WrappedComponent\` if \`userRoles === role_create || role_admin\` 1`] = `ShallowWrapper {}`;
