// Jest Snapshot v1, https://goo.gl/fbAQLP

exports[`MineApplicationTable renders properly 1`] = `ShallowWrapper {}`;
