// Jest Snapshot v1, https://goo.gl/fbAQLP

exports[`MineResultsTable renders properly 1`] = `ShallowWrapper {}`;
