// Jest Snapshot v1, https://goo.gl/fbAQLP

exports[`DocumentResultsTable renders properly 1`] = `ShallowWrapper {}`;
