// Jest Snapshot v1, https://goo.gl/fbAQLP

exports[`SearchBarDropdown renders properly 1`] = `ShallowWrapper {}`;
