// Jest Snapshot v1, https://goo.gl/fbAQLP

exports[`AddPartyComponentWrapper renders properly 1`] = `ShallowWrapper {}`;
