// Jest Snapshot v1, https://goo.gl/fbAQLP

exports[`AuthorizationWrapper renders properly 1`] = `
<<<<<<< HEAD
<span>
  <span>
=======
ShallowWrapper {
  Symbol(enzyme.__root__): [Circular],
  Symbol(enzyme.__unrendered__): <AuthorizationWrapper
    inDevelopment={false}
    inTesting={false}
    isMajorMine={true}
    permission="role_admin"
    userRoles={
      Array [
        "core_view_all",
        "idir",
        "core_edit_mines",
        "offline_access",
        "admin",
        "uma_authorization",
        "core_admin",
      ]
    }
  >
>>>>>>> develop
    <div>
      helo
    </div>
  </span>
</span>
`;
