// Jest Snapshot v1, https://goo.gl/fbAQLP

exports[`MineTenureInfo renders properly 1`] = `ShallowWrapper {}`;
