// Jest Snapshot v1, https://goo.gl/fbAQLP

exports[`MineMap renders properly 1`] = `ShallowWrapper {}`;
