// Jest Snapshot v1, https://goo.gl/fbAQLP

exports[`ComplianceOrdersTable renders properly 1`] = `ShallowWrapper {}`;
