// Jest Snapshot v1, https://goo.gl/fbAQLP

exports[`MineComplianceCard renders properly 1`] = `ShallowWrapper {}`;
