// Jest Snapshot v1, https://goo.gl/fbAQLP

exports[`AddIncidentDetailForm renders properly 1`] = `ShallowWrapper {}`;
