// Jest Snapshot v1, https://goo.gl/fbAQLP

exports[`AddIncidentFollowUpForm renders properly 1`] = `ShallowWrapper {}`;
