// Jest Snapshot v1, https://goo.gl/fbAQLP

exports[`MineContactInfo renders properly 1`] = `ShallowWrapper {}`;
